node.exe : 
(node:20448) 
[MONGOOSE] Warning: 
mongoose: Duplicate 
schema index on 
{"batchId":1} for 
model "ProductBatch". 
This is often due to 
declaring an index 
using both "index: 
true" and 
"schema.index()". 
Please remove the 
duplicate index 
definition.
At line:1 char:1
+ & "C:\Program 
Files\nodejs/node.exe" 
"C:\Users\Asus\AppData\
Roaming\n ...
+ ~~~~~~~~~~~~~~~~~~~~~
~~~~~~~~~~~~~~~~~~~~~~~
~~~~~~~~~~~~~~~~~~~~~~~
~~
    + CategoryInfo     
         : NotSpecifi  
  ed: ((node:20448)    
 [M...dex definitio    
n.:String) [], Rem    
oteException
    + FullyQualifiedEr 
   rorId : NativeComm  
  andError
 
(Use `node 
--trace-warnings ...` 
to show where the 
warning was created)
(node:20448) 
[MONGOOSE] Warning: 
mongoose: Duplicate 
schema index on 
{"transportId":1} for 
model 
"TransportDetails". 
This is often due to 
declaring an index 
using both "index: 
true" and 
"schema.index()". 
Please remove the 
duplicate index 
definition.
(node:20448) 
[MONGOOSE] Warning: 
mongoose: Duplicate 
schema index on 
{"sku":1} for model 
"StoreInventory". This 
is often due to 
declaring an index 
using both "index: 
true" and 
"schema.index()". 
Please remove the 
duplicate index 
definition.
FAIL 
test/consumer.test.js
  Consumer 
Traceability Service
    ├ù should 
aggregate product 
history successfully 
(307 ms)
    ΓêÜ should throw 
"Product not found" on 
unknown batch ID (62 
ms)

  ΓùÅ Consumer 
Traceability Service 
ΓÇ║ should aggregate 
product history 
successfully

    TypeError: next is 
not a function

    [0m [90m 91 
|[39m productBatchSche
ma[33m.[39mpre([32m'
save'[39m[33m,[39m 
[36mfunction[39m(next)
 {
     [90m 92 |[39m   
[36mthis[39m[33m.[3
9mupdatedAt 
[33m=[39m [33mDate[
39m[33m.[39mnow()[33
m;[39m
    [31m[1m>[22m[39
m[90m 93 |[39m   
next()[33m;[39m
     [90m    |[39m   
[31m[1m^[22m[39m
     [90m 94 |[39m 
})[33m;[39m
     [90m 95 |[39m
     [90m 96 |[39m 
[90m// Add indexes 
for common 
queries[39m[0m

      at model.next (sr
c/models/ProductBatch.j
s:93:3)
      at 
Kareem.execPre (node_mo
dules/kareem/index.js:6
8:39)
      at model.$__save 
(node_modules/mongoose/
lib/model.js:371:5)
      at model.save (no
de_modules/mongoose/lib
/model.js:614:5)
      at 
Object.<anonymous> (tes
t/consumer.test.js:44:9
)

Test Suites: 1 failed, 
1 total
Tests:       1 failed, 
1 passed, 2 total
Snapshots:   0 total
Time:        2.44 s, 
estimated 6 s
Ran all test suites 
matching 
test/consumer.test.js.
Force exiting Jest: 
Have you considered 
using 
`--detectOpenHandles` 
to detect async 
operations that kept 
running after all 
tests finished?

